src/lib/zpl.ts(6,7): error TS6133: 'optionLabel' is declared but its value is never read.
src/lib/zpl.ts(7,7): error TS6133: 'shapeZpl' is declared but its value is never read.
